// Jest Snapshot v1, https://goo.gl/fbAQLP

exports[`Landing renders correctly 1`] = `
<div
  style={
    Object {
      "WebkitTapHighlightColor": "rgba(0,0,0,0)",
      "backgroundColor": "#ffffff",
      "borderRadius": 2,
      "boxShadow": "0 1px 6px rgba(0, 0, 0, 0.12),
             0 1px 4px rgba(0, 0, 0, 0.12)",
      "boxSizing": "border-box",
      "color": "rgba(0, 0, 0, 0.87)",
      "fontFamily": "Roboto, sans-serif",
      "muiPrepared": true,
      "transition": "all 450ms cubic-bezier(0.23, 1, 0.32, 1) 0ms",
      "zIndex": 1,
    }
  }
>
  <div
    style={
      Object {
        "paddingBottom": 0,
      }
    }
  >
    <div
      style={
        Object {
          "boxSizing": "border-box",
          "fontWeight": 500,
          "muiPrepared": true,
          "padding": 16,
          "position": "relative",
          "whiteSpace": "nowrap",
        }
      }
    >
      <div
        style={
          Object {
            "display": "inline-block",
            "muiPrepared": true,
            "paddingRight": "90px",
            "verticalAlign": "top",
            "whiteSpace": "normal",
          }
        }
      >
        <span
          style={
            Object {
              "color": "rgba(0, 0, 0, 0.87)",
              "display": "block",
              "fontSize": 15,
              "muiPrepared": true,
            }
          }
        >
          Welcome to Caged-Bird
        </span>
        <span
          style={
            Object {
              "color": "rgba(0, 0, 0, 0.54)",
              "display": "block",
              "fontSize": 14,
              "muiPrepared": true,
            }
          }
        >
          A DACC Application
        </span>
      </div>
    </div>
    <div
      style={
        Object {
          "muiPrepared": true,
          "padding": 8,
          "position": "relative",
        }
      }
    >
      <div
        className={undefined}
        style={
          Object {
            "WebkitTapHighlightColor": "rgba(0,0,0,0)",
            "backgroundColor": "#ffffff",
            "borderRadius": 2,
            "boxShadow": "0 1px 6px rgba(0, 0, 0, 0.12),
                   0 1px 4px rgba(0, 0, 0, 0.12)",
            "boxSizing": "border-box",
            "color": "rgba(0, 0, 0, 0.87)",
            "display": "inline-block",
            "fontFamily": "Roboto, sans-serif",
            "margin": 12,
            "marginRight": 8,
            "minWidth": 88,
            "muiPrepared": true,
            "transition": "all 450ms cubic-bezier(0.23, 1, 0.32, 1) 0ms",
          }
        }
      >
        <button
          disabled={false}
          onBlur={[Function]}
          onClick={[Function]}
          onFocus={[Function]}
          onKeyDown={[Function]}
          onKeyUp={[Function]}
          onMouseDown={[Function]}
          onMouseEnter={[Function]}
          onMouseLeave={[Function]}
          onMouseUp={[Function]}
          onTouchEnd={[Function]}
          onTouchStart={[Function]}
          style={
            Object {
              "WebkitTapHighlightColor": "rgba(0, 0, 0, 0)",
              "backgroundColor": "#00bcd4",
              "border": 10,
              "borderRadius": 2,
              "boxSizing": "border-box",
              "cursor": "pointer",
              "display": "inline-block",
              "fontFamily": "Roboto, sans-serif",
              "fontSize": "inherit",
              "fontWeight": "inherit",
              "height": 36,
              "lineHeight": "36px",
              "margin": 0,
              "muiPrepared": true,
              "outline": "none",
              "padding": 0,
              "position": "relative",
              "textAlign": "center",
              "textDecoration": "none",
              "transition": "all 450ms cubic-bezier(0.23, 1, 0.32, 1) 0ms",
              "verticalAlign": null,
              "width": "100%",
            }
          }
          tabIndex={0}
          type="button"
        >
          <div
            onMouseDown={[Function]}
            onMouseLeave={[Function]}
            onMouseUp={[Function]}
            onTouchEnd={[Function]}
            onTouchStart={[Function]}
          >
            <div
              style={
                Object {
                  "backgroundColor": false,
                  "borderRadius": 2,
                  "height": 36,
                  "muiPrepared": true,
                  "top": 0,
                  "transition": "all 450ms cubic-bezier(0.23, 1, 0.32, 1) 0ms",
                }
              }
            >
              <span
                style={
                  Object {
                    "color": "#ffffff",
                    "fontSize": 14,
                    "fontWeight": 500,
                    "letterSpacing": 0,
                    "margin": 0,
                    "muiPrepared": true,
                    "opacity": 1,
                    "paddingLeft": 16,
                    "paddingRight": 16,
                    "position": "relative",
                    "textTransform": "uppercase",
                    "userSelect": "none",
                  }
                }
              >
                Create Unsigned Transaction
              </span>
            </div>
          </div>
        </button>
      </div>
      <div
        className={undefined}
        style={
          Object {
            "WebkitTapHighlightColor": "rgba(0,0,0,0)",
            "backgroundColor": "#ffffff",
            "borderRadius": 2,
            "boxShadow": "0 1px 6px rgba(0, 0, 0, 0.12),
                   0 1px 4px rgba(0, 0, 0, 0.12)",
            "boxSizing": "border-box",
            "color": "rgba(0, 0, 0, 0.87)",
            "display": "inline-block",
            "fontFamily": "Roboto, sans-serif",
            "margin": 12,
            "marginRight": 8,
            "minWidth": 88,
            "muiPrepared": true,
            "transition": "all 450ms cubic-bezier(0.23, 1, 0.32, 1) 0ms",
          }
        }
      >
        <button
          disabled={false}
          onBlur={[Function]}
          onClick={[Function]}
          onFocus={[Function]}
          onKeyDown={[Function]}
          onKeyUp={[Function]}
          onMouseDown={[Function]}
          onMouseEnter={[Function]}
          onMouseLeave={[Function]}
          onMouseUp={[Function]}
          onTouchEnd={[Function]}
          onTouchStart={[Function]}
          style={
            Object {
              "WebkitTapHighlightColor": "rgba(0, 0, 0, 0)",
              "backgroundColor": "#ff4081",
              "border": 10,
              "borderRadius": 2,
              "boxSizing": "border-box",
              "cursor": "pointer",
              "display": "inline-block",
              "fontFamily": "Roboto, sans-serif",
              "fontSize": "inherit",
              "fontWeight": "inherit",
              "height": 36,
              "lineHeight": "36px",
              "margin": 0,
              "muiPrepared": true,
              "outline": "none",
              "padding": 0,
              "position": "relative",
              "textAlign": "center",
              "textDecoration": "none",
              "transition": "all 450ms cubic-bezier(0.23, 1, 0.32, 1) 0ms",
              "verticalAlign": null,
              "width": "100%",
            }
          }
          tabIndex={0}
          type="button"
        >
          <div
            onMouseDown={[Function]}
            onMouseLeave={[Function]}
            onMouseUp={[Function]}
            onTouchEnd={[Function]}
            onTouchStart={[Function]}
          >
            <div
              style={
                Object {
                  "backgroundColor": false,
                  "borderRadius": 2,
                  "height": 36,
                  "muiPrepared": true,
                  "top": 0,
                  "transition": "all 450ms cubic-bezier(0.23, 1, 0.32, 1) 0ms",
                }
              }
            >
              <span
                style={
                  Object {
                    "color": "#ffffff",
                    "fontSize": 14,
                    "fontWeight": 500,
                    "letterSpacing": 0,
                    "margin": 0,
                    "muiPrepared": true,
                    "opacity": 1,
                    "paddingLeft": 16,
                    "paddingRight": 16,
                    "position": "relative",
                    "textTransform": "uppercase",
                    "userSelect": "none",
                  }
                }
              >
                Broadcast Signed Transaction
              </span>
            </div>
          </div>
        </button>
      </div>
      <div
        className={undefined}
        style={
          Object {
            "WebkitTapHighlightColor": "rgba(0,0,0,0)",
            "backgroundColor": "#ffffff",
            "borderRadius": 2,
            "boxShadow": "0 1px 6px rgba(0, 0, 0, 0.12),
                   0 1px 4px rgba(0, 0, 0, 0.12)",
            "boxSizing": "border-box",
            "color": "rgba(0, 0, 0, 0.87)",
            "display": "inline-block",
            "fontFamily": "Roboto, sans-serif",
            "margin": 12,
            "marginRight": 8,
            "minWidth": 88,
            "muiPrepared": true,
            "transition": "all 450ms cubic-bezier(0.23, 1, 0.32, 1) 0ms",
          }
        }
      >
        <button
          disabled={false}
          onBlur={[Function]}
          onClick={[Function]}
          onFocus={[Function]}
          onKeyDown={[Function]}
          onKeyUp={[Function]}
          onMouseDown={[Function]}
          onMouseEnter={[Function]}
          onMouseLeave={[Function]}
          onMouseUp={[Function]}
          onTouchEnd={[Function]}
          onTouchStart={[Function]}
          style={
            Object {
              "WebkitTapHighlightColor": "rgba(0, 0, 0, 0)",
              "backgroundColor": "#ff4081",
              "border": 10,
              "borderRadius": 2,
              "boxSizing": "border-box",
              "cursor": "pointer",
              "display": "inline-block",
              "fontFamily": "Roboto, sans-serif",
              "fontSize": "inherit",
              "fontWeight": "inherit",
              "height": 36,
              "lineHeight": "36px",
              "margin": 0,
              "muiPrepared": true,
              "outline": "none",
              "padding": 0,
              "position": "relative",
              "textAlign": "center",
              "textDecoration": "none",
              "transition": "all 450ms cubic-bezier(0.23, 1, 0.32, 1) 0ms",
              "verticalAlign": null,
              "width": "100%",
            }
          }
          tabIndex={0}
          type="button"
        >
          <div
            onMouseDown={[Function]}
            onMouseLeave={[Function]}
            onMouseUp={[Function]}
            onTouchEnd={[Function]}
            onTouchStart={[Function]}
          >
            <div
              style={
                Object {
                  "backgroundColor": false,
                  "borderRadius": 2,
                  "height": 36,
                  "muiPrepared": true,
                  "top": 0,
                  "transition": "all 450ms cubic-bezier(0.23, 1, 0.32, 1) 0ms",
                }
              }
            >
              <span
                style={
                  Object {
                    "color": "#ffffff",
                    "fontSize": 14,
                    "fontWeight": 500,
                    "letterSpacing": 0,
                    "margin": 0,
                    "muiPrepared": true,
                    "opacity": 1,
                    "paddingLeft": 16,
                    "paddingRight": 16,
                    "position": "relative",
                    "textTransform": "uppercase",
                    "userSelect": "none",
                  }
                }
              >
                Import Cold Wallets
              </span>
            </div>
          </div>
        </button>
      </div>
      <div
        className={undefined}
        style={
          Object {
            "WebkitTapHighlightColor": "rgba(0,0,0,0)",
            "backgroundColor": "#ffffff",
            "borderRadius": 2,
            "boxShadow": "0 1px 6px rgba(0, 0, 0, 0.12),
                   0 1px 4px rgba(0, 0, 0, 0.12)",
            "boxSizing": "border-box",
            "color": "rgba(0, 0, 0, 0.87)",
            "display": "inline-block",
            "fontFamily": "Roboto, sans-serif",
            "margin": 12,
            "marginRight": 8,
            "minWidth": 88,
            "muiPrepared": true,
            "transition": "all 450ms cubic-bezier(0.23, 1, 0.32, 1) 0ms",
          }
        }
      >
        <button
          disabled={false}
          onBlur={[Function]}
          onClick={[Function]}
          onFocus={[Function]}
          onKeyDown={[Function]}
          onKeyUp={[Function]}
          onMouseDown={[Function]}
          onMouseEnter={[Function]}
          onMouseLeave={[Function]}
          onMouseUp={[Function]}
          onTouchEnd={[Function]}
          onTouchStart={[Function]}
          style={
            Object {
              "WebkitTapHighlightColor": "rgba(0, 0, 0, 0)",
              "backgroundColor": "#ffffff",
              "border": 10,
              "borderRadius": 2,
              "boxSizing": "border-box",
              "cursor": "pointer",
              "display": "inline-block",
              "fontFamily": "Roboto, sans-serif",
              "fontSize": "inherit",
              "fontWeight": "inherit",
              "height": 36,
              "lineHeight": "36px",
              "margin": 0,
              "muiPrepared": true,
              "outline": "none",
              "padding": 0,
              "position": "relative",
              "textAlign": "center",
              "textDecoration": "none",
              "transition": "all 450ms cubic-bezier(0.23, 1, 0.32, 1) 0ms",
              "verticalAlign": null,
              "width": "100%",
            }
          }
          tabIndex={0}
          type="button"
        >
          <div
            onMouseDown={[Function]}
            onMouseLeave={[Function]}
            onMouseUp={[Function]}
            onTouchEnd={[Function]}
            onTouchStart={[Function]}
          >
            <div
              style={
                Object {
                  "backgroundColor": false,
                  "borderRadius": 2,
                  "height": 36,
                  "muiPrepared": true,
                  "top": 0,
                  "transition": "all 450ms cubic-bezier(0.23, 1, 0.32, 1) 0ms",
                }
              }
            >
              <svg
                onMouseEnter={[Function]}
                onMouseLeave={[Function]}
                style={
                  Object {
                    "color": "rgba(0, 0, 0, 0.87)",
                    "display": "inline-block",
                    "fill": "rgba(0, 0, 0, 0.87)",
                    "height": 24,
                    "marginLeft": 12,
                    "marginRight": 0,
                    "muiPrepared": true,
                    "transition": "all 450ms cubic-bezier(0.23, 1, 0.32, 1) 0ms",
                    "userSelect": "none",
                    "verticalAlign": "middle",
                    "width": 24,
                  }
                }
                viewBox="0 0 24 24"
              >
                <path
                  d="M5 17h14v2H5zm7-12L5.33 15h13.34z"
                />
              </svg>
              <span
                style={
                  Object {
                    "color": "rgba(0, 0, 0, 0.87)",
                    "fontSize": 14,
                    "fontWeight": 500,
                    "letterSpacing": 0,
                    "margin": 0,
                    "muiPrepared": true,
                    "opacity": 1,
                    "paddingLeft": 8,
                    "paddingRight": 16,
                    "position": "relative",
                    "textTransform": "uppercase",
                    "userSelect": "none",
                  }
                }
              >
                Log Out
              </span>
            </div>
          </div>
        </button>
      </div>
    </div>
  </div>
</div>
`;
